[INFO] Scanning for projects...
[ERROR] [ERROR] Some problems were encountered while processing the POMs:
[ERROR] 'dependencies.dependency.version' for org.springframework.boot:spring-boot-starter-data-jpa-test:jar is missing. @ line 63, column 15
[ERROR] 'dependencies.dependency.version' for org.springframework.boot:spring-boot-starter-validation-test:jar is missing. @ line 68, column 15
[ERROR] 'dependencies.dependency.version' for org.springframework.boot:spring-boot-starter-webmvc-test:jar is missing. @ line 73, column 15
 @ 
[ERROR] The build could not read 1 project -> [Help 1]
[ERROR]   
[ERROR]   The project com.example:backend:0.0.1-SNAPSHOT (C:\Users\Mega Pc\Desktop\Stage pfe\backend\pom.xml) has 3 errors
[ERROR]     'dependencies.dependency.version' for org.springframework.boot:spring-boot-starter-data-jpa-test:jar is missing. @ line 63, column 15
[ERROR]     'dependencies.dependency.version' for org.springframework.boot:spring-boot-starter-validation-test:jar is missing. @ line 68, column 15
[ERROR]     'dependencies.dependency.version' for org.springframework.boot:spring-boot-starter-webmvc-test:jar is missing. @ line 73, column 15
[ERROR] 
[ERROR] To see the full stack trace of the errors, re-run Maven with the -e switch.
[ERROR] Re-run Maven using the -X switch to enable full debug logging.
[ERROR] 
[ERROR] For more information about the errors and possible solutions, please read the following articles:
[ERROR] [Help 1] http://cwiki.apache.org/confluence/display/MAVEN/ProjectBuildingException
